// Jest Snapshot v1, https://goo.gl/fbAQLP

exports[`renders correctly 1`] = `
Array [
  <View
    accessible={true}
    focusable={true}
    onClick={[Function]}
    onResponderGrant={[Function]}
    onResponderMove={[Function]}
    onResponderRelease={[Function]}
    onResponderTerminate={[Function]}
    onResponderTerminationRequest={[Function]}
    onStartShouldSetResponder={[Function]}
    style={
      Object {
        "backgroundColor": "#3f72af",
        "borderRadius": 20,
        "height": 100,
        "marginHorizontal": "2%",
        "marginVertical": "2%",
        "opacity": 1,
        "paddingBottom": 20,
        "paddingLeft": 20,
        "paddingRight": 20,
        "paddingTop": 20,
        "width": "96%",
      }
    }
  >
    <Text
      style={
        Object {
          "color": "#FFFFFF",
        }
      }
    >
      Abdellah
    </Text>
    <Image
      source={
        Object {
          "testUri": "../../../assets/ic_favorite_border.png",
        }
      }
      style={
        Object {
          "height": 40,
          "width": 40,
        }
      }
    />
  </View>,
  <View
    accessible={true}
    focusable={true}
    onClick={[Function]}
    onResponderGrant={[Function]}
    onResponderMove={[Function]}
    onResponderRelease={[Function]}
    onResponderTerminate={[Function]}
    onResponderTerminationRequest={[Function]}
    onStartShouldSetResponder={[Function]}
    style={
      Object {
        "backgroundColor": "#3f72af",
        "borderRadius": 20,
        "height": 100,
        "marginHorizontal": "2%",
        "marginVertical": "2%",
        "opacity": 1,
        "paddingBottom": 20,
        "paddingLeft": 20,
        "paddingRight": 20,
        "paddingTop": 20,
        "width": "96%",
      }
    }
  >
    <Text
      style={
        Object {
          "color": "#FFFFFF",
        }
      }
    >
      Djamal Dahman
    </Text>
    <Image
      source={
        Object {
          "testUri": "../../../assets/ic_favorite_border.png",
        }
      }
      style={
        Object {
          "height": 40,
          "width": 40,
        }
      }
    />
  </View>,
]
`;
